Nix <nix version>
Type :? for help.

nix-repl> :l doc-comments.nix
Added <number omitted> variables.

nix-repl> :doc floatedIn
Function `floatedIn`\
  â€¦ defined at /path/to/tests/functional/repl/doc-comments.nix:16:5

This also works.
