Nix <nix version>
Type :? for help.

nix-repl> :l doc-comments.nix
Added <number omitted> variables.

nix-repl> :doc unambiguous
Function `unambiguous`\
  â€¦ defined at /path/to/tests/functional/repl/doc-comments.nix:24:5

Very close
