Nix <nix version>
Type :? for help.
Added <number omitted> variables.

Function measurement
    â€¦ defined at
    /path/to/tests/functional/repl/doc-comments.nix:13:17

    ğŸ‘ˆ precisely this wide ğŸ‘‰


