Nix <nix version>
Type :? for help.
Function defined at
    /path/to/tests/functional/repl/doc-comment-function.nix:2:1

    A doc comment for a file that only contains a function


